[2026-09-09 15:12:23] PesaPal credentials not set. Providing sandbox simulation redirect for order ALX-20260909151223-88BF81.
[2026-09-09 15:12:23] Payment callback received for Tracking: SIM-C3B82046304E, Ref: ALX-20260909151223-88BF81
[2026-09-09 15:12:38] PesaPal credentials not set. Providing sandbox simulation redirect for order ALX-20260909151237-F379A1.
[2026-09-09 15:12:38] Payment callback received for Tracking: SIM-378C4AC12593, Ref: ALX-20260909151237-F379A1
[2026-09-09 15:30:14] PesaPal credentials not set. Providing sandbox simulation redirect for order ALX-20260909153014-8984D5.
[2026-09-09 15:30:14] Payment callback received for Tracking: SIM-2E642059509B, Ref: ALX-20260909153014-8984D5
[2026-09-09 15:40:54] PesaPal credentials not set. Providing sandbox simulation redirect for order ALX-20260909154054-706152.
[2026-09-09 15:40:54] Payment callback received for Tracking: SIM-AA515FC40F01, Ref: ALX-20260909154054-706152
[2026-09-09 15:41:47] PesaPal credentials not set. Providing sandbox simulation redirect for order ALX-20260909154147-7C25F1.
[2026-09-09 15:41:47] Payment callback received for Tracking: SIM-3E795893F8FF, Ref: ALX-20260909154147-7C25F1
[2026-09-09 15:53:36] PesaPal credentials not set. Providing sandbox simulation redirect for order ALX-20260909155336-A16A29.
[2026-09-09 15:54:18] PesaPal credentials not set. Providing sandbox simulation redirect for order ALX-20260909155418-2984D5.
[2026-09-09 15:54:18] Payment callback received for Tracking: SIM-68B99BCC6E59, Ref: ALX-20260909155418-2984D5
[2026-09-09 15:56:42] PesaPal credentials not set. Providing sandbox simulation redirect for order ALX-20260909155641-090EE3.
[2026-09-09 15:56:46] PesaPal credentials not set. Providing sandbox simulation redirect for order ALX-20260909155646-FCAF9F.
[2026-09-09 15:56:47] Payment callback received for Tracking: SIM-A956C95DF774, Ref: ALX-20260909155646-FCAF9F
[2026-09-09 16:01:08] PesaPal credentials not set. Providing sandbox simulation redirect for order ALX-20260909160108-5415B4.
[2026-09-09 16:01:09] Payment callback received for Tracking: SIM-63C66268BF96, Ref: ALX-20260909160108-5415B4
[2026-09-09 16:01:40] PesaPal credentials not set. Providing sandbox simulation redirect for order ALX-20260909160140-F8B5C5.
[2026-09-09 16:01:40] Payment callback received for Tracking: SIM-595646921DEE, Ref: ALX-20260909160140-F8B5C5
[2026-09-09 16:02:27] Payment callback received for Tracking: SIM-63C66268BF96, Ref: ALX-20260909160108-5415B4
[2026-09-09 16:04:43] PesaPal credentials not set. Providing sandbox simulation redirect for order ALX-20260909160443-FA89C2.
[2026-09-09 16:04:43] Payment callback received for Tracking: SIM-CF8279C1A835, Ref: ALX-20260909160443-FA89C2
[2026-09-09 16:05:10] PesaPal credentials not set. Providing sandbox simulation redirect for order ALX-20260909160510-A957B0.
[2026-09-09 16:05:10] Payment callback received for Tracking: SIM-742269D91409, Ref: ALX-20260909160510-A957B0
[2026-09-09 16:13:53] PesaPal credentials not set. Providing sandbox simulation redirect for order ALX-20260909161353-A17019.
[2026-09-09 16:13:53] Payment callback received for Tracking: SIM-8803F23B5889, Ref: ALX-20260909161353-A17019
[2026-09-09 16:14:37] PesaPal credentials not set. Providing sandbox simulation redirect for order ALX-20260909161437-96CC5F.
[2026-09-09 16:14:37] Payment callback received for Tracking: SIM-4CFAA6823683, Ref: ALX-20260909161437-96CC5F
[2026-09-09 16:15:02] PesaPal credentials not set. Providing sandbox simulation redirect for order ALX-20260909161502-BE371D.
[2026-09-09 16:15:02] Payment callback received for Tracking: SIM-3BF3B1F9E17C, Ref: ALX-20260909161502-BE371D
[2026-09-09 16:15:28] PesaPal credentials not set. Providing sandbox simulation redirect for order ALX-20260909161528-CD5A1F.
[2026-09-09 16:15:28] Payment callback received for Tracking: SIM-8218D05959F3, Ref: ALX-20260909161528-CD5A1F
[2026-09-09 16:27:21] Payment callback received for Tracking: SIM-595646921DEE, Ref: ALX-20260909160140-F8B5C5
[2026-09-10 16:25:49] PesaPal credentials not set. Providing sandbox simulation redirect for order ALX-20260910162549-A1289F.
[2026-09-10 16:25:50] Payment callback received for Tracking: SIM-A6F7955B4907, Ref: ALX-20260910162549-A1289F
[2026-09-14 10:23:04] Order submission failed: 
[2026-09-14 11:39:52] Order rejected by SonicPesa: {"status":"success","message":"Payment order created successfully! Push USSD sent to your phone.","data":{"order_id":"sp_6aa7b2cfd55a0","reference":"S20722920666","amount":1000,"currency":"TZS","payment_status":"PENDING","status":"PENDING","creation_date":"2026-09-14 11:40:35","transid":null,"channel":null,"msisdn":"0712345678","order_status_data":{"order_id":"sp_6aa7b2cfd55a0","creation_date":"2026-09-14 11:40:35","amount":"1000","payment_status":"PENDING","transid":null,"channel":null,"reference":null,"msisdn":null}}}
[2026-09-14 11:42:07] Order rejected by SonicPesa: {"status":"success","message":"Payment order created successfully! Push USSD sent to your phone.","data":{"order_id":"sp_6aa7b35547010","reference":"S20722922222","amount":500,"currency":"TZS","payment_status":"PENDING","status":"PENDING","creation_date":"2026-09-14 11:42:49","transid":null,"channel":null,"msisdn":"0761431149","order_status_data":{"order_id":"sp_6aa7b35547010","creation_date":"2026-09-14 11:42:49","amount":"500","payment_status":"PENDING","transid":null,"channel":null,"reference":null,"msisdn":null}}}
[2026-09-14 11:42:19] Order rejected by SonicPesa: {"status":"success","message":"Payment order created successfully! Push USSD sent to your phone.","data":{"order_id":"sp_6aa7b360a942b","reference":"S20722922889","amount":500,"currency":"TZS","payment_status":"PENDING","status":"PENDING","creation_date":"2026-09-14 11:43:02","transid":null,"channel":null,"msisdn":"0761431149","order_status_data":{"order_id":"sp_6aa7b360a942b","creation_date":"2026-09-14 11:43:02","amount":"500","payment_status":"PENDING","transid":null,"channel":null,"reference":null,"msisdn":null}}}
[2026-09-14 11:43:28] Order rejected by SonicPesa: {"status":"success","message":"Payment order created successfully! Push USSD sent to your phone.","data":{"order_id":"sp_6aa7b3a416a90","reference":"S20722923298","amount":500,"currency":"TZS","payment_status":"PENDING","status":"PENDING","creation_date":"2026-09-14 11:44:11","transid":null,"channel":null,"msisdn":"0761431149","order_status_data":{"order_id":"sp_6aa7b3a416a90","creation_date":"2026-09-14 11:44:11","amount":"500","payment_status":"PENDING","transid":null,"channel":null,"reference":null,"msisdn":null}}}
[2026-09-14 12:07:04] Order rejected by SonicPesa: {"status":"success","message":"Payment order created successfully! Push USSD sent to your phone.","data":{"order_id":"sp_6aa7b92c2c17b","reference":"S20722947342","amount":500,"currency":"TZS","payment_status":"PENDING","status":"PENDING","creation_date":"2026-09-14 12:07:45","transid":null,"channel":null,"msisdn":"0761431149","order_status_data":{"order_id":"sp_6aa7b92c2c17b","creation_date":"2026-09-14 12:07:45","amount":"500","payment_status":"PENDING","transid":null,"channel":null,"reference":null,"msisdn":null}}}
[2026-09-14 12:07:15] Order rejected by SonicPesa: {"status":"success","message":"Payment order created successfully! Push USSD sent to your phone.","data":{"order_id":"sp_6aa7b939c4bbc","reference":"S20722947089","amount":500,"currency":"TZS","payment_status":"PENDING","status":"PENDING","creation_date":"2026-09-14 12:07:57","transid":null,"channel":null,"msisdn":"0761431149","order_status_data":{"order_id":"sp_6aa7b939c4bbc","creation_date":"2026-09-14 12:07:57","amount":"500","payment_status":"PENDING","transid":null,"channel":null,"reference":null,"msisdn":null}}}
[2026-09-14 12:07:26] Order submission failed: 
[2026-09-14 12:07:33] Order submission failed: 
[2026-09-14 12:07:40] Order submission failed: 
[2026-09-14 12:07:54] Order submission failed: 
[2026-09-14 12:08:16] Order submission failed: 
[2026-09-14 12:08:34] Order submission failed: 
[2026-09-14 12:08:45] Order submission failed: 
[2026-09-14 12:09:04] Order submission failed: 
[2026-09-14 12:12:25] Order submission failed: 
[2026-09-14 12:13:44] Order submission failed: 
[2026-09-14 12:15:54] Order submission failed: 
[2026-09-14 12:16:27] Order submission failed: 
[2026-09-14 12:16:45] Order submission failed: 
[2026-09-14 12:16:52] Order submission failed: 
